// Jest Snapshot v1, https://goo.gl/fbAQLP

exports[`App  should match the snapshot 1`] = `
<div
  css={
    Object {
      "map": undefined,
      "name": "1kompxv",
      "next": undefined,
      "styles": "
  color: white;
  background-color: blue;
",
    }
  }
>
  Hello World!
</div>
`;
